[    1545ms] [INFO] 框架和 SDK 输出的日志默认不展示，可在框架配置文件中设置开启，详见 https://doc.weixin.qq.com/doc/w3_AWkASAb9APAr8IdJI5VS0OyqetUE6?scode=ANAAyQcbAAgB8qKjm9AWkASAb9APA @ https://fe-static.xhscdn.com/formula-static/xhs-pc-web/public/resource/js/vendor-dynamic.b8e982fb.js:0
[    1691ms] [LOG] Error @ :2
[    2028ms] [LOG] Error @ :2
[    2241ms] [LOG] Error @ :2
[    3002ms] [LOG] Error @ :2
[    3250ms] [ERROR] Hydration completed but contains mismatches. @ https://fe-static.xhscdn.com/formula-static/xhs-pc-web/public/resource/js/library-vue.4322adab.js:0
[    3574ms] [LOG] Error @ :2
[    3592ms] [LOG] Error @ :2
[    3970ms] [LOG] Service Worker registered success with scope: https://www.xiaohongshu.com/ @ https://fe-static.xhscdn.com/formula-static/xhs-pc-web/public/resource/js/index.e2111b75.js:24
[    4239ms] [ERROR] [loginStatusInterceptor] Response error: HTTPServerError: 无登录信息，或登录信息为空
    at fulfilled (https://fe-static.xhscdn.com/formula-static/xhs-pc-web/public/resource/js/vendor-dynamic.b8e982fb.js:1:209656)
    at https://fe-static.xhscdn.com/formula-static/xhs-pc-web/public/resource/js/vendor-dynamic.b8e982fb.js:1:210185 {data: Object, status: 401, statusText: , headers: Object, config: Object} {url: //edith.xiaohongshu.com/api/sns/web/v1/system/config, method: get, headers: Object, transformRequest: Array(1), transformResponse: Array(1)} @ https://fe-static.xhscdn.com/formula-static/xhs-pc-web/public/resource/js/index.e2111b75.js:24
[    4242ms] [ERROR] [loginStatusInterceptor] Response error: HTTPServerError: 无登录信息，或登录信息为空
    at fulfilled (https://fe-static.xhscdn.com/formula-static/xhs-pc-web/public/resource/js/vendor-dynamic.b8e982fb.js:1:209656)
    at https://fe-static.xhscdn.com/formula-static/xhs-pc-web/public/resource/js/vendor-dynamic.b8e982fb.js:1:210185 {data: Object, status: 401, statusText: , headers: Object, config: Object} {url: //edith.xiaohongshu.com/api/sns/web/v2/user/me, method: get, headers: Object, transformRequest: Array(1), transformResponse: Array(1)} @ https://fe-static.xhscdn.com/formula-static/xhs-pc-web/public/resource/js/index.e2111b75.js:24
[    4794ms] [ERROR] [loginStatusInterceptor] Response error: HTTPServerError: 无登录信息，或登录信息为空
    at fulfilled (https://fe-static.xhscdn.com/formula-static/xhs-pc-web/public/resource/js/vendor-dynamic.b8e982fb.js:1:209656)
    at https://fe-static.xhscdn.com/formula-static/xhs-pc-web/public/resource/js/vendor-dynamic.b8e982fb.js:1:210185 {data: Object, status: 401, statusText: , headers: Object, config: Object} {url: //edith.xiaohongshu.com/api/sns/web/v2/user/me, method: get, headers: Object, transformRequest: Array(1), transformResponse: Array(1)} @ https://fe-static.xhscdn.com/formula-static/xhs-pc-web/public/resource/js/index.e2111b75.js:24
[    4801ms] [LOG] Error @ :2
[    4970ms] [ERROR] [loginStatusInterceptor] Response error: HTTPServerError: 无登录信息，或登录信息为空
    at fulfilled (https://fe-static.xhscdn.com/formula-static/xhs-pc-web/public/resource/js/vendor-dynamic.b8e982fb.js:1:209656)
    at https://fe-static.xhscdn.com/formula-static/xhs-pc-web/public/resource/js/vendor-dynamic.b8e982fb.js:1:210185 {data: Object, status: 401, statusText: , headers: Object, config: Object} {url: //edith.xiaohongshu.com/api/sns/web/v2/user/me, method: get, headers: Object, transformRequest: Array(1), transformResponse: Array(1)} @ https://fe-static.xhscdn.com/formula-static/xhs-pc-web/public/resource/js/index.e2111b75.js:24
[    4973ms] [ERROR] [loginStatusInterceptor] Response error: HTTPServerError: 无登录信息，或登录信息为空
    at fulfilled (https://fe-static.xhscdn.com/formula-static/xhs-pc-web/public/resource/js/vendor-dynamic.b8e982fb.js:1:209656)
    at https://fe-static.xhscdn.com/formula-static/xhs-pc-web/public/resource/js/vendor-dynamic.b8e982fb.js:1:210185 {data: Object, status: 401, statusText: , headers: Object, config: Object} {url: //edith.xiaohongshu.com/api/sns/web/v2/user/me, method: get, headers: Object, transformRequest: Array(1), transformResponse: Array(1)} @ https://fe-static.xhscdn.com/formula-static/xhs-pc-web/public/resource/js/index.e2111b75.js:24
[    4978ms] [LOG] Error @ :2
[    5023ms] [LOG] Error @ :2
[    5094ms] [ERROR] Failed to load resource: the server responded with a status of 461 () @ https://edith.xiaohongshu.com/api/sns/web/v1/login/activate:0
[    5104ms] [ERROR] [loginStatusInterceptor] Response error: TypeError: Cannot read properties of undefined (reading 'status')
    at fulfilled (https://fe-static.xhscdn.com/formula-static/xhs-pc-web/public/resource/js/vendor-dynamic.b8e982fb.js:1:209363)
    at https://fe-static.xhscdn.com/formula-static/xhs-pc-web/public/resource/js/vendor-dynamic.b8e982fb.js:1:210185 null undefined @ https://fe-static.xhscdn.com/formula-static/xhs-pc-web/public/resource/js/index.e2111b75.js:24
[    5112ms] [LOG] Error @ :2
[    5163ms] [ERROR] [loginStatusInterceptor] Response error: HTTPServerError: 无登录信息，或登录信息为空
    at fulfilled (https://fe-static.xhscdn.com/formula-static/xhs-pc-web/public/resource/js/vendor-dynamic.b8e982fb.js:1:209656)
    at https://fe-static.xhscdn.com/formula-static/xhs-pc-web/public/resource/js/vendor-dynamic.b8e982fb.js:1:210185 {data: Object, status: 401, statusText: , headers: Object, config: Object} {url: //edith.xiaohongshu.com/api/sns/web/v2/user/me, method: get, headers: Object, transformRequest: Array(1), transformResponse: Array(1)} @ https://fe-static.xhscdn.com/formula-static/xhs-pc-web/public/resource/js/index.e2111b75.js:24
[    5391ms] [ERROR] [loginStatusInterceptor] Response error: HTTPServerError: 无登录信息，或登录信息为空
    at fulfilled (https://fe-static.xhscdn.com/formula-static/xhs-pc-web/public/resource/js/vendor-dynamic.b8e982fb.js:1:209656)
    at https://fe-static.xhscdn.com/formula-static/xhs-pc-web/public/resource/js/vendor-dynamic.b8e982fb.js:1:210185 {data: Object, status: 401, statusText: , headers: Object, config: Object} {url: //edith.xiaohongshu.com/api/sns/web/global/config, method: get, headers: Object, transformRequest: Array(1), transformResponse: Array(1)} @ https://fe-static.xhscdn.com/formula-static/xhs-pc-web/public/resource/js/index.e2111b75.js:24
[    5403ms] [LOG] Error @ :2
[    5483ms] [ERROR] Failed to load resource: the server responded with a status of 461 () @ https://edith.xiaohongshu.com/api/sns/web/v1/login/activate:0
[    5486ms] [ERROR] [loginStatusInterceptor] Response error: TypeError: Cannot read properties of undefined (reading 'status')
    at fulfilled (https://fe-static.xhscdn.com/formula-static/xhs-pc-web/public/resource/js/vendor-dynamic.b8e982fb.js:1:209363)
    at https://fe-static.xhscdn.com/formula-static/xhs-pc-web/public/resource/js/vendor-dynamic.b8e982fb.js:1:210185 null undefined @ https://fe-static.xhscdn.com/formula-static/xhs-pc-web/public/resource/js/index.e2111b75.js:24
[    5488ms] [LOG] Error @ :2
[    5783ms] [ERROR] [loginStatusInterceptor] Response error: HTTPServerError: 无登录信息，或登录信息为空
    at fulfilled (https://fe-static.xhscdn.com/formula-static/xhs-pc-web/public/resource/js/vendor-dynamic.b8e982fb.js:1:209656)
    at https://fe-static.xhscdn.com/formula-static/xhs-pc-web/public/resource/js/vendor-dynamic.b8e982fb.js:1:210185 {data: Object, status: 401, statusText: , headers: Object, config: Object} {url: //edith.xiaohongshu.com/api/sns/web/v2/user/me, method: get, headers: Object, transformRequest: Array(1), transformResponse: Array(1)} @ https://fe-static.xhscdn.com/formula-static/xhs-pc-web/public/resource/js/index.e2111b75.js:24
[    5785ms] [LOG] Error @ :2
[    5958ms] [ERROR] Failed to load resource: the server responded with a status of 461 () @ https://edith.xiaohongshu.com/api/sns/web/v1/login/qrcode/create:0
[    5960ms] [ERROR] [loginStatusInterceptor] Response error: TypeError: Cannot read properties of undefined (reading 'status')
    at fulfilled (https://fe-static.xhscdn.com/formula-static/xhs-pc-web/public/resource/js/vendor-dynamic.b8e982fb.js:1:209363)
    at https://fe-static.xhscdn.com/formula-static/xhs-pc-web/public/resource/js/vendor-dynamic.b8e982fb.js:1:210185 null undefined @ https://fe-static.xhscdn.com/formula-static/xhs-pc-web/public/resource/js/index.e2111b75.js:24
[    6506ms] [ERROR] Failed to load resource: the server responded with a status of 461 () @ https://edith.xiaohongshu.com/api/sns/web/v1/login/activate:0
[    6507ms] [ERROR] [loginStatusInterceptor] Response error: TypeError: Cannot read properties of undefined (reading 'status')
    at fulfilled (https://fe-static.xhscdn.com/formula-static/xhs-pc-web/public/resource/js/vendor-dynamic.b8e982fb.js:1:209363)
    at https://fe-static.xhscdn.com/formula-static/xhs-pc-web/public/resource/js/vendor-dynamic.b8e982fb.js:1:210185 null undefined @ https://fe-static.xhscdn.com/formula-static/xhs-pc-web/public/resource/js/index.e2111b75.js:24
[    6516ms] [ERROR] Failed to load resource: net::ERR_BLOCKED_BY_CLIENT @ chrome-extension://invalid/:0
[    6516ms] [ERROR] Failed to load resource: net::ERR_BLOCKED_BY_CLIENT @ chrome-extension://invalid/:0
[    6516ms] [ERROR] Failed to load resource: net::ERR_BLOCKED_BY_CLIENT @ chrome-extension://invalid/:0
[    6516ms] [ERROR] Failed to load resource: net::ERR_BLOCKED_BY_CLIENT @ chrome-extension://invalid/:0
[    6517ms] [ERROR] Failed to load resource: net::ERR_BLOCKED_BY_CLIENT @ chrome-extension://invalid/:0
[    6517ms] [ERROR] Failed to load resource: net::ERR_BLOCKED_BY_CLIENT @ chrome-extension://invalid/:0
[    6517ms] [ERROR] Failed to load resource: net::ERR_BLOCKED_BY_CLIENT @ chrome-extension://invalid/:0
[    6517ms] [ERROR] Failed to load resource: net::ERR_BLOCKED_BY_CLIENT @ chrome-extension://invalid/:0
[    7879ms] [INFO] 框架和 SDK 输出的日志默认不展示，可在框架配置文件中设置开启，详见 https://doc.weixin.qq.com/doc/w3_AWkASAb9APAr8IdJI5VS0OyqetUE6?scode=ANAAyQcbAAgB8qKjm9AWkASAb9APA @ https://fe-static.xhscdn.com/formula-static/fe-login/public/resource/js/library-launcher.844ab2b3.js:0
[    7957ms] [LOG] Error @ :2
[    8081ms] [LOG] Error @ :2
[    9475ms] [ERROR] Failed to load resource: net::ERR_BLOCKED_BY_CLIENT @ chrome-extension://invalid/:0
[    9475ms] [ERROR] Failed to load resource: net::ERR_BLOCKED_BY_CLIENT @ chrome-extension://invalid/:0
[    9475ms] [ERROR] Failed to load resource: net::ERR_BLOCKED_BY_CLIENT @ chrome-extension://invalid/:0
[    9475ms] [ERROR] Failed to load resource: net::ERR_BLOCKED_BY_CLIENT @ chrome-extension://invalid/:0
[    9476ms] [ERROR] Failed to load resource: net::ERR_BLOCKED_BY_CLIENT @ chrome-extension://invalid/:0
[    9476ms] [ERROR] Failed to load resource: net::ERR_BLOCKED_BY_CLIENT @ chrome-extension://invalid/:0
[    9476ms] [ERROR] Failed to load resource: net::ERR_BLOCKED_BY_CLIENT @ chrome-extension://invalid/:0
[    9476ms] [ERROR] Failed to load resource: net::ERR_BLOCKED_BY_CLIENT @ chrome-extension://invalid/:0
[   11539ms] [LOG] Error @ :2
